// Jest Snapshot v1, https://goo.gl/fbAQLP

exports[`Expect <MultiSelectMenuItem> to render 1`] = `
<MultiSelectMenuItem
  callback={[Function]}
  index={1}
  isActive={false}
  name="Foo"
  onChange={[Function]}
  onClick={[Function]}
  selected={false}
  size="xs"
  value={0}
>
  <li
    className="gds-multi-select__menu-item"
    onClick={[Function]}
  >
    <div
      className="gds-multi-select__menu-link"
    >
      <div
        className="gds-form-group gds-multi-select__option"
      >
        <Checkbox
          checked={false}
          label="Foo"
          onChange={[Function]}
          size="xs"
        >
          <div
            className="gds-form-group__checkbox gds-form-group__checkbox--xs"
          >
            <label
              className="gds-form-group__checkbox-label"
            >
              <input
                checked={false}
                className="gds-form-group__checkbox-input"
                onChange={[Function]}
                type="checkbox"
              />
              <span
                className="gds-form-group__checkbox-indicator"
              />
              Foo
            </label>
          </div>
        </Checkbox>
      </div>
    </div>
  </li>
</MultiSelectMenuItem>
`;
